exports[`test Logo Snapshot test 1`] = `
<div
  className="app-logo-container">
  <div
    className="app-logo">
    BANDS NEARBY
  </div>
  <div
    className="app-logo-mobile">
    BN
  </div>
</div>
`;
